// Jest Snapshot v1, https://goo.gl/fbAQLP

exports[`Renders with default props 1`] = `
.c0 {
  width: 100%;
}

.c4 {
  height: 30px;
  width: 45px;
  background-color: #edf0f3;
  text-align: center;
  vertical-align: middle;
  font-size: 15px;
  line-height: 30px;
  border-radius: 5px;
}

.c1 {
  display: -webkit-box;
  display: -webkit-flex;
  display: -ms-flexbox;
  display: flex;
  -webkit-flex-wrap: wrap;
  -ms-flex-wrap: wrap;
  flex-wrap: wrap;
}

.c2 {
  font-size: 15 px;
  width: 95%;
  margin: 10px;
}

.c3 {
  -webkit-flex: 1;
  -ms-flex: 1;
  flex: 1;
  display: -webkit-box;
  display: -webkit-flex;
  display: -ms-flexbox;
  display: flex;
  -webkit-box-pack: space-around;
  -webkit-justify-content: space-around;
  -ms-flex-pack: space-around;
  justify-content: space-around;
}

<div
  className="c0"
>
  <div
    className="c1"
  >
    <div
      className="c2"
    >
      PREVIOUS BALLS
    </div>
    <div
      className="c3"
    >
      <div
        className="c4"
      >
        1
      </div>
      <div
        className="c4"
      >
        2
      </div>
      <div
        className="c4"
      >
        3
      </div>
      <div
        className="c4"
      >
        4
      </div>
    </div>
  </div>
</div>
`;
